// Jest Snapshot v1, https://goo.gl/fbAQLP

exports[`toBeEmpty failing 1`] = `"Expected element to be empty, but it has content: <div></div>"`;

exports[`toBeEmpty passing 1`] = `"Expected element not to be empty, but it was."`;
