// Jest Snapshot v1, https://goo.gl/fbAQLP

exports[`Jasmine matchers toHaveAttr 1`] = `
"expect(<div id=\\"hello\\"></div>).toHaveAttr(...)
 
Expected element to have attribute \\"id\\" with value \\"wow\\", but actual value was \\"hello\\"."
`;

exports[`Jasmine matchers toHaveAttr 2`] = `
"expect(<div id=\\"hello\\"></div>).not.toHaveAttr(...)
 
Expected element not to have attribute \\"id\\" with value \\"hello\\"."
`;

exports[`Jasmine matchers toHaveValue 1`] = `
"expect(<input>).toHaveValue(...)
 
Expected element to have value 47, but actual value was \\"47\\"."
`;

exports[`Jasmine matchers toHaveValue 2`] = `
"expect(<input>).not.toHaveValue(...)
 
Expected element not to have value \\"47\\"."
`;
